###############################################################################
#
# IAR ELF Linker V8.40.2.214/W32 for ARM                  30/May/2026  23:25:54
# Copyright 2007-2019 IAR Systems AB.
#
#    Output file  =
#        F:\PROJ_TEST\AutoSARWorkSpace\AUTOSAR_S32K1X\S32K1X_Project\Debug\Exe\S32K1x_Project.out
#    Map file     =
#        F:\PROJ_TEST\AutoSARWorkSpace\AUTOSAR_S32K1X\S32K1X_Project\Debug\List\S32K1x_Project.map
#    Command line =
#        -f C:\Users\UsrLi\AppData\Local\Temp\EW66EA.tmp
#        (F:\PROJ_TEST\AutoSARWorkSpace\AUTOSAR_S32K1X\S32K1X_Project\Debug\Obj\Det.o
#        F:\PROJ_TEST\AutoSARWorkSpace\AUTOSAR_S32K1X\S32K1X_Project\Debug\Obj\Dio.o
#        F:\PROJ_TEST\AutoSARWorkSpace\AUTOSAR_S32K1X\S32K1X_Project\Debug\Obj\Dio_Cfg.o
#        F:\PROJ_TEST\AutoSARWorkSpace\AUTOSAR_S32K1X\S32K1X_Project\Debug\Obj\Dio_Gpio.o
#        F:\PROJ_TEST\AutoSARWorkSpace\AUTOSAR_S32K1X\S32K1X_Project\Debug\Obj\main.o
#        F:\PROJ_TEST\AutoSARWorkSpace\AUTOSAR_S32K1X\S32K1X_Project\Debug\Obj\Mcu.o
#        F:\PROJ_TEST\AutoSARWorkSpace\AUTOSAR_S32K1X\S32K1X_Project\Debug\Obj\Mcu_Cfg.o
#        F:\PROJ_TEST\AutoSARWorkSpace\AUTOSAR_S32K1X\S32K1X_Project\Debug\Obj\Mcu_CMU.o
#        F:\PROJ_TEST\AutoSARWorkSpace\AUTOSAR_S32K1X\S32K1X_Project\Debug\Obj\Mcu_CMU_Irq.o
#        F:\PROJ_TEST\AutoSARWorkSpace\AUTOSAR_S32K1X\S32K1X_Project\Debug\Obj\Mcu_CortexM4.o
#        F:\PROJ_TEST\AutoSARWorkSpace\AUTOSAR_S32K1X\S32K1X_Project\Debug\Obj\Mcu_IPW.o
#        F:\PROJ_TEST\AutoSARWorkSpace\AUTOSAR_S32K1X\S32K1X_Project\Debug\Obj\Mcu_IPW_Irq.o
#        F:\PROJ_TEST\AutoSARWorkSpace\AUTOSAR_S32K1X\S32K1X_Project\Debug\Obj\Mcu_PBcfg.o
#        F:\PROJ_TEST\AutoSARWorkSpace\AUTOSAR_S32K1X\S32K1X_Project\Debug\Obj\Mcu_PCC.o
#        F:\PROJ_TEST\AutoSARWorkSpace\AUTOSAR_S32K1X\S32K1X_Project\Debug\Obj\Mcu_PMC.o
#        F:\PROJ_TEST\AutoSARWorkSpace\AUTOSAR_S32K1X\S32K1X_Project\Debug\Obj\Mcu_PMC_Irq.o
#        F:\PROJ_TEST\AutoSARWorkSpace\AUTOSAR_S32K1X\S32K1X_Project\Debug\Obj\Mcu_RCM.o
#        F:\PROJ_TEST\AutoSARWorkSpace\AUTOSAR_S32K1X\S32K1X_Project\Debug\Obj\Mcu_SCG.o
#        F:\PROJ_TEST\AutoSARWorkSpace\AUTOSAR_S32K1X\S32K1X_Project\Debug\Obj\Mcu_SIM.o
#        F:\PROJ_TEST\AutoSARWorkSpace\AUTOSAR_S32K1X\S32K1X_Project\Debug\Obj\Mcu_SMC.o
#        F:\PROJ_TEST\AutoSARWorkSpace\AUTOSAR_S32K1X\S32K1X_Project\Debug\Obj\Port.o
#        F:\PROJ_TEST\AutoSARWorkSpace\AUTOSAR_S32K1X\S32K1X_Project\Debug\Obj\Port_Cfg.o
#        F:\PROJ_TEST\AutoSARWorkSpace\AUTOSAR_S32K1X\S32K1X_Project\Debug\Obj\Port_Ipw.o
#        F:\PROJ_TEST\AutoSARWorkSpace\AUTOSAR_S32K1X\S32K1X_Project\Debug\Obj\Port_PBcfg.o
#        F:\PROJ_TEST\AutoSARWorkSpace\AUTOSAR_S32K1X\S32K1X_Project\Debug\Obj\Port_Port_Ci.o
#        F:\PROJ_TEST\AutoSARWorkSpace\AUTOSAR_S32K1X\S32K1X_Project\Debug\Obj\SchM_Adc.o
#        F:\PROJ_TEST\AutoSARWorkSpace\AUTOSAR_S32K1X\S32K1X_Project\Debug\Obj\SchM_Can.o
#        F:\PROJ_TEST\AutoSARWorkSpace\AUTOSAR_S32K1X\S32K1X_Project\Debug\Obj\SchM_Crcu.o
#        F:\PROJ_TEST\AutoSARWorkSpace\AUTOSAR_S32K1X\S32K1X_Project\Debug\Obj\SchM_Dio.o
#        F:\PROJ_TEST\AutoSARWorkSpace\AUTOSAR_S32K1X\S32K1X_Project\Debug\Obj\SchM_Eep.o
#        F:\PROJ_TEST\AutoSARWorkSpace\AUTOSAR_S32K1X\S32K1X_Project\Debug\Obj\SchM_Eth.o
#        F:\PROJ_TEST\AutoSARWorkSpace\AUTOSAR_S32K1X\S32K1X_Project\Debug\Obj\SchM_Fee.o
#        F:\PROJ_TEST\AutoSARWorkSpace\AUTOSAR_S32K1X\S32K1X_Project\Debug\Obj\SchM_Fls.o
#        F:\PROJ_TEST\AutoSARWorkSpace\AUTOSAR_S32K1X\S32K1X_Project\Debug\Obj\SchM_Fr.o
#        F:\PROJ_TEST\AutoSARWorkSpace\AUTOSAR_S32K1X\S32K1X_Project\Debug\Obj\SchM_Gpt.o
#        F:\PROJ_TEST\AutoSARWorkSpace\AUTOSAR_S32K1X\S32K1X_Project\Debug\Obj\SchM_I2c.o
#        F:\PROJ_TEST\AutoSARWorkSpace\AUTOSAR_S32K1X\S32K1X_Project\Debug\Obj\SchM_Icu.o
#        F:\PROJ_TEST\AutoSARWorkSpace\AUTOSAR_S32K1X\S32K1X_Project\Debug\Obj\SchM_Iseled.o
#        F:\PROJ_TEST\AutoSARWorkSpace\AUTOSAR_S32K1X\S32K1X_Project\Debug\Obj\SchM_Lin.o
#        F:\PROJ_TEST\AutoSARWorkSpace\AUTOSAR_S32K1X\S32K1X_Project\Debug\Obj\SchM_Mcem.o
#        F:\PROJ_TEST\AutoSARWorkSpace\AUTOSAR_S32K1X\S32K1X_Project\Debug\Obj\SchM_Mcl.o
#        F:\PROJ_TEST\AutoSARWorkSpace\AUTOSAR_S32K1X\S32K1X_Project\Debug\Obj\SchM_Mcu.o
#        F:\PROJ_TEST\AutoSARWorkSpace\AUTOSAR_S32K1X\S32K1X_Project\Debug\Obj\SchM_Ocu.o
#        F:\PROJ_TEST\AutoSARWorkSpace\AUTOSAR_S32K1X\S32K1X_Project\Debug\Obj\SchM_Port.o
#        F:\PROJ_TEST\AutoSARWorkSpace\AUTOSAR_S32K1X\S32K1X_Project\Debug\Obj\SchM_Pwm.o
#        F:\PROJ_TEST\AutoSARWorkSpace\AUTOSAR_S32K1X\S32K1X_Project\Debug\Obj\SchM_RamTst.o
#        F:\PROJ_TEST\AutoSARWorkSpace\AUTOSAR_S32K1X\S32K1X_Project\Debug\Obj\SchM_Spi.o
#        F:\PROJ_TEST\AutoSARWorkSpace\AUTOSAR_S32K1X\S32K1X_Project\Debug\Obj\SchM_Wdg.o
#        F:\PROJ_TEST\AutoSARWorkSpace\AUTOSAR_S32K1X\S32K1X_Project\Debug\Obj\startup.o
#        F:\PROJ_TEST\AutoSARWorkSpace\AUTOSAR_S32K1X\S32K1X_Project\Debug\Obj\startup_S32K148.o
#        F:\PROJ_TEST\AutoSARWorkSpace\AUTOSAR_S32K1X\S32K1X_Project\Debug\Obj\system_S32K148.o
#        --no_out_extension -o
#        F:\PROJ_TEST\AutoSARWorkSpace\AUTOSAR_S32K1X\S32K1X_Project\Debug\Exe\S32K1x_Project.out
#        --map
#        F:\PROJ_TEST\AutoSARWorkSpace\AUTOSAR_S32K1X\S32K1X_Project\Debug\List\S32K1x_Project.map
#        --config
#        F:\PROJ_TEST\AutoSARWorkSpace\AUTOSAR_S32K1X\S32K1X_Project\Linker_Files\S32K148_256_flash.icf
#        --semihosting --entry __iar_program_start --vfe --text_out locale)
#
###############################################################################

*******************************************************************************
*** RUNTIME MODEL ATTRIBUTES
***

CppFlavor       = *
__SystemLibrary = DLib
__dlib_version  = 6


*******************************************************************************
*** HEAP SELECTION
***

The basic heap was selected because no calls to memory allocation
functions were found in the application outside of system library
functions, and there are calls to deallocation functions in the
application.


*******************************************************************************
*** PLACEMENT SUMMARY
***

"A0":  place at address 0x0 { ro section .intvec };
"P1":  place in [from 0x400 to 0x40f] { section FlashConfig };
"P2":  place in [from 0x0 to 0x3ff] |
                [from 0x410 to 0x17'ffff] { ro };
define block __CODE_ROM { section .textrw_init };
"P3":  place in [from 0x0 to 0x3ff] |
                [from 0x410 to 0x17'ffff] { block __CODE_ROM };
define block RW { rw };
"P4":  place in [from 0x1ffe'0400 to 0x1fff'ffff] { block RW };
define block __CODE_RAM { section .textrw };
"P5":  place in [from 0x1ffe'0400 to 0x1fff'ffff] { block __CODE_RAM };
define block ZI { zi };
"P7":  place in [from 0x2000'0000 to 0x2001'ebff] { block ZI };
define block CSTACK with size = 1K, alignment = 8 { };
"P9":  place in [from 0x2001'ec00 to 0x2001'efff] { block CSTACK };
do not initialize {
   section .noinit, section .bss, section .data, section __DLIB_PERTHREAD,
   section .customSection };
initialize by copy { rw };

No sections matched the following patterns:

  section .customSection    in block customSectionBlock
  section .textrw           in block __CODE_RAM
  section .textrw_init      in block __CODE_ROM
  section m_interrupts_ram  in "P10"


  Section            Kind         Address   Size  Object
  -------            ----         -------   ----  ------
"A0":                                      0x400
  .intvec            ro code          0x0  0x400  startup_S32K148.o [1]
                                  - 0x400  0x400

"P1":                                       0x10
  FlashConfig        ro code        0x400   0x10  startup_S32K148.o [1]
                                  - 0x410   0x10

"P2-P3", part 1 of 2:                      0xfcc
  .mcal_text         ro code        0x410  0x324  Port_Port_Ci.o [1]
  .mcal_text         ro code        0x734  0x1c0  Mcu_SCG.o [1]
  .mcal_const_cfg    const          0x8f4  0x148  Mcu_PBcfg.o [1]
  .mcal_const_cfg    const          0xa3c  0x120  Port_PBcfg.o [1]
  .text              ro code        0xb5c   0xd4  startup.o [1]
  .mcal_const_cfg    const          0xc30   0xd0  Port_PBcfg.o [1]
  .mcal_text         ro code        0xd00   0xd0  Mcu_IPW.o [1]
  .mcal_text         ro code        0xdd0   0xbc  Mcu_SIM.o [1]
  .mcal_text         ro code        0xe8c   0x24  Mcu_RCM.o [1]
  .mcal_text         ro code        0xeb0   0x34  Mcu_PMC.o [1]
  .mcal_text         ro code        0xee4   0x10  Mcu_SMC.o [1]
  .mcal_text         ro code        0xef4   0x68  Mcu_PCC.o [1]
  .mcal_text         ro code        0xf5c   0x8c  Mcu.o [1]
  .text              ro code        0xfe8   0x58  main.o [1]
  .mcal_text         ro code       0x1040   0x28  Port.o [1]
  .mcal_text         ro code       0x1068    0xc  Dio.o [1]
  .text              ro code       0x1074   0x28  Det.o [1]
  .mcal_text         ro code       0x109c   0x48  Dio_Gpio.o [1]
  .text              ro code       0x10e4   0x48  system_S32K148.o [1]
  .text              ro code       0x112c   0x3c  startup_S32K148.o [1]
  .text              ro code       0x1168   0x3a  zero_init3.o [4]
  .text              ro code       0x11a2   0x2e  copy_init3.o [4]
  .text              ro code       0x11d0   0x28  data_init.o [4]
  .text              ro code       0x11f8   0x22  fpinit_M.o [3]
  .iar.init_table    const         0x121c   0x24  - Linker created -
  .text              ro code       0x1240    0x2  startup_S32K148.o [1]
  .mcal_const_cfg    const         0x1244   0x20  Mcu_PBcfg.o [1]
  .text              ro code       0x1264   0x1e  cmain.o [4]
  .text              ro code       0x1282    0x4  low_level_init.o [2]
  .text              ro code       0x1286    0x4  exit.o [2]
  .text              ro code       0x128a    0x2  startup_S32K148.o [1]
  .text              ro code       0x128c    0xa  cexit.o [4]
  .text              ro code       0x1296    0x2  startup_S32K148.o [1]
  .text              ro code       0x1298   0x14  exit.o [5]
  .mcal_const_cfg    const         0x12ac   0x1c  Mcu_PBcfg.o [1]
  .mcal_const_cfg    const         0x12c8   0x18  Mcu_PBcfg.o [1]
  .mcal_const_cfg    const         0x12e0   0x18  Mcu_PBcfg.o [1]
  .mcal_const_cfg    const         0x12f8   0x18  Mcu_PBcfg.o [1]
  .mcal_const_cfg    const         0x1310   0x18  Mcu_PBcfg.o [1]
  .mcal_const_cfg    const         0x1328   0x18  Mcu_PBcfg.o [1]
  .mcal_const_cfg    const         0x1340   0x18  Port_PBcfg.o [1]
  .mcal_const_cfg    const         0x1358   0x14  Mcu_PBcfg.o [1]
  .mcal_const_cfg    const         0x136c   0x10  Mcu_PBcfg.o [1]
  .mcal_const_cfg    const         0x137c    0xc  Mcu_PBcfg.o [1]
  .text              ro code       0x1388    0xc  cstartup_M.o [4]
  Initializer bytes  const         0x1394    0xc  <for RW-1>
  .mcal_const_cfg    const         0x13a0    0x8  Mcu_PBcfg.o [1]
  .mcal_const_cfg    const         0x13a8    0x8  Mcu_PBcfg.o [1]
  .mcal_const_cfg    const         0x13b0    0x8  Mcu_PBcfg.o [1]
  .mcal_const_cfg    const         0x13b8    0x8  Port_PBcfg.o [1]
  .mcal_const_cfg    const         0x13c0    0x4  Mcu_PBcfg.o [1]
  .mcal_const_cfg    const         0x13c4    0x4  Mcu_PBcfg.o [1]
  .rodata            const         0x13c8    0x4  startup.o [1]
  .text              ro code       0x13cc    0x4  startup_S32K148.o [1]
  .text              ro code       0x13d0    0x2  startup_S32K148.o [1]
  .text              ro code       0x13d2    0x2  startup_S32K148.o [1]
  .text              ro code       0x13d4    0x2  startup_S32K148.o [1]
  .text              ro code       0x13d6    0x2  startup_S32K148.o [1]
  .text              ro code       0x13d8    0x2  startup_S32K148.o [1]
  .text              ro code       0x13da    0x2  startup_S32K148.o [1]
  .rodata            const         0x13dc    0x0  zero_init3.o [4]
  .rodata            const         0x13dc    0x0  copy_init3.o [4]
                                 - 0x13dc  0xfcc

"P2-P3", part 2 of 2:                        0x0
  __CODE_ROM                       0x13dc    0x0  <Block>

"P4-P5", part 1 of 2:                        0xc
  RW                          0x1ffe'0400    0xc  <Block>
    RW-1                      0x1ffe'0400    0xc  <Init block>
      .mcal_data     inited   0x1ffe'0400    0x4  Mcu.o [1]
      .mcal_data     inited   0x1ffe'0404    0x4  Mcu_IPW.o [1]
      .mcal_data     inited   0x1ffe'0408    0x4  Port.o [1]
                            - 0x1ffe'040c    0xc

"P4-P5", part 2 of 2:                        0x0
  __CODE_RAM                  0x1ffe'040c    0x0  <Block>

"P7":                                       0x1e
  ZI                          0x2000'0000   0x1e  <Block>
    .mcal_bss        zero     0x2000'0000   0x14  Port_Port_Ci.o [1]
    .mcal_bss        zero     0x2000'0014    0x1  Mcu.o [1]
    .mcal_bss        zero     0x2000'0015    0x1  Mcu.o [1]
    .bss                      0x2000'0018    0x6  <Block>
      .bss           uninit   0x2000'0018    0x2  Det.o [1]
      .bss           uninit   0x2000'001a    0x1  Det.o [1]
      .bss           uninit   0x2000'001b    0x1  Det.o [1]
      .bss           uninit   0x2000'001c    0x1  Det.o [1]
      .bss           uninit   0x2000'001d    0x1  main.o [1]
                            - 0x2000'001e   0x1e

"P9":                                      0x400
  CSTACK                      0x2001'ec00  0x400  <Block>
    CSTACK           uninit   0x2001'ec00  0x400  <Block tail>
                            - 0x2001'f000  0x400

Unused ranges:

         From           To       Size
         ----           --       ----
       0x13dc    0x17'ffff  0x17'ec24
  0x1ffe'040c  0x1fff'ffff   0x1'fbf4
  0x2000'001e  0x2001'ebff   0x1'ebe2


*******************************************************************************
*** INIT TABLE
***

          Address      Size
          -------      ----
Zero (__iar_zero_init3)
    1 destination range, total size 0x16:
          0x2000'0000  0x16

Copy (__iar_copy_init3)
    1 source range, total size 0xc:
               0x1394   0xc
    1 destination range, total size 0xc:
          0x1ffe'0400   0xc



*******************************************************************************
*** MODULE SUMMARY
***

    Module             ro code  ro data  rw data
    ------             -------  -------  -------
command line/config:
    --------------------------------------------
    Total:

F:\PROJ_TEST\AutoSARWorkSpace\AUTOSAR_S32K1X\S32K1X_Project\Debug\Obj: [1]
    Det.o                   40                 5
    Dio.o                   12
    Dio_Gpio.o              72
    Mcu.o                  140        4        6
    Mcu_IPW.o              208        4        4
    Mcu_PBcfg.o                     588
    Mcu_PCC.o              104
    Mcu_PMC.o               52
    Mcu_RCM.o               36
    Mcu_SCG.o              448
    Mcu_SIM.o              188
    Mcu_SMC.o               16
    Port.o                  40        4        4
    Port_PBcfg.o                    528
    Port_Port_Ci.o         804                20
    main.o                  88                 1
    startup.o              212        4
    startup_S32K148.o    1'122
    system_S32K148.o        72
    --------------------------------------------
    Total:               3'654    1'132       40

dl7M_tln.a: [2]
    exit.o                   4
    low_level_init.o         4
    --------------------------------------------
    Total:                   8

m7M_tls.a: [3]
    fpinit_M.o              34
    --------------------------------------------
    Total:                  34

rt7M_tl.a: [4]
    cexit.o                 10
    cmain.o                 30
    copy_init3.o            46
    cstartup_M.o            12
    data_init.o             40
    zero_init3.o            58
    --------------------------------------------
    Total:                 196

shb_l.a: [5]
    exit.o                  20
    --------------------------------------------
    Total:                  20

    Gaps                              4
    Linker created                   36    1'024
------------------------------------------------
    Grand Total:         3'912    1'172    1'064


*******************************************************************************
*** ENTRY LIST
***

Entry                       Address   Size  Type      Object
-----                       -------   ----  ----      ------
.bss$$Base              0x2000'0018          --   Gb  - Linker created -
.bss$$Limit             0x2000'001e          --   Gb  - Linker created -
.customSection$$Base            0x0          --   Gb  - Linker created -
.customSection_init$$Base
                                0x0          --   Gb  - Linker created -
.customSection_init$$Limit
                                0x0          --   Gb  - Linker created -
.data$$Base                     0x0          --   Gb  - Linker created -
.data_init$$Base                0x0          --   Gb  - Linker created -
.data_init$$Limit               0x0          --   Gb  - Linker created -
.iar.init_table$$Base        0x121c          --   Gb  - Linker created -
.iar.init_table$$Limit       0x1240          --   Gb  - Linker created -
?main                        0x1265         Code  Gb  cmain.o [4]
CSTACK$$Base            0x2001'ec00          --   Gb  - Linker created -
CSTACK$$Limit           0x2001'f000          --   Gb  - Linker created -
Det_ApiId               0x2000'001b    0x1  Data  Gb  Det.o [1]
Det_ErrorId             0x2000'001c    0x1  Data  Gb  Det.o [1]
Det_InstanceId          0x2000'001a    0x1  Data  Gb  Det.o [1]
Det_ModuleId            0x2000'0018    0x2  Data  Gb  Det.o [1]
Det_ReportError              0x1075   0x18  Code  Gb  Det.o [1]
Dio_Gpio_WriteChannel        0x109d   0x3e  Code  Gb  Dio_Gpio.o [1]
Dio_WriteChannel             0x1069    0xc  Code  Gb  Dio.o [1]
FIRC_ClockConfigPB0_0        0x12f8   0x18  Data  Lc  Mcu_PBcfg.o [1]
McuModuleConfiguration       0x1328   0x18  Data  Gb  Mcu_PBcfg.o [1]
Mcu_ClockConfigPB0           0x1358   0x14  Data  Lc  Mcu_PBcfg.o [1]
Mcu_DistributePllClock        0xfc3    0xe  Code  Gb  Mcu.o [1]
Mcu_GetPllStatus              0xfd1    0xa  Code  Gb  Mcu.o [1]
Mcu_HwIPsConfigPB0           0x136c   0x10  Data  Lc  Mcu_PBcfg.o [1]
Mcu_Init                      0xf5d   0x48  Code  Gb  Mcu.o [1]
Mcu_InitClock                 0xfa5   0x1e  Code  Gb  Mcu.o [1]
Mcu_Ipw_DistributePllClock
                              0xd95   0x20  Code  Gb  Mcu_IPW.o [1]
Mcu_Ipw_GetPllStatus          0xdb9   0x18  Code  Gb  Mcu_IPW.o [1]
Mcu_Ipw_Init                  0xd01   0x1e  Code  Gb  Mcu_IPW.o [1]
Mcu_Ipw_InitClock             0xd1f   0x76  Code  Gb  Mcu_IPW.o [1]
Mcu_Mode_ConfigPB0           0x13a0    0x8  Data  Lc  Mcu_PBcfg.o [1]
Mcu_PCC_PeripheralConfig
                              0xef5   0x68  Code  Gb  Mcu_PCC.o [1]
Mcu_PMC_PowerInit             0xeb1   0x26  Code  Gb  Mcu_PMC.o [1]
Mcu_RCM_ResetInit             0xe8d   0x1a  Code  Gb  Mcu_RCM.o [1]
Mcu_SCG_DropSystemClockToSirc
                              0x74f   0x6a  Code  Gb  Mcu_SCG.o [1]
Mcu_SCG_FircInit              0x843   0x48  Code  Gb  Mcu_SCG.o [1]
Mcu_SCG_GetPLLStatus          0x8b1   0x1a  Code  Gb  Mcu_SCG.o [1]
Mcu_SCG_SircInit              0x7ff   0x44  Code  Gb  Mcu_SCG.o [1]
Mcu_SCG_SoscInit              0x7b9   0x46  Code  Gb  Mcu_SCG.o [1]
Mcu_SCG_SpllInit              0x88b   0x26  Code  Gb  Mcu_SCG.o [1]
Mcu_SCG_SystemClockInit
                              0x735   0x1a  Code  Gb  Mcu_SCG.o [1]
Mcu_SIM_ClockConfig           0xe1f   0x38  Code  Gb  Mcu_SIM.o [1]
Mcu_SIM_Init                  0xdd1   0x4e  Code  Gb  Mcu_SIM.o [1]
Mcu_SMC_AllowedModesConfig
                              0xee5    0xc  Code  Gb  Mcu_SMC.o [1]
Mcu_au8ClockConfigIds   0x2000'0014    0x1  Data  Lc  Mcu.o [1]
Mcu_au8ModeConfigIds    0x2000'0015    0x1  Data  Lc  Mcu.o [1]
Mcu_pClockConfig        0x1ffe'0404    0x4  Data  Lc  Mcu_IPW.o [1]
Mcu_pConfigPtr          0x1ffe'0400    0x4  Data  Gb  Mcu.o [1]
PCC_ClockConfigPB0_0         0x13a8    0x8  Data  Lc  Mcu_PBcfg.o [1]
PCC_aRegistersConfigPB0_0
                              0x8f4  0x148  Data  Lc  Mcu_PBcfg.o [1]
PMC_ConfigPB0                0x13c0    0x4  Data  Lc  Mcu_PBcfg.o [1]
PortConfigSet                0x1340   0x18  Data  Gb  Port_PBcfg.o [1]
Port_Init                    0x1041   0x22  Code  Gb  Port.o [1]
Port_Port_Ci_Init             0x679   0x9e  Code  Gb  Port_Port_Ci.o [1]
Port_Port_Ci_Init_ConfiguredPins
                              0x53b  0x13e  Code  Lc  Port_Port_Ci.o [1]
Port_Port_Ci_Init_UnusedPins
                              0x411  0x12a  Code  Lc  Port_Port_Ci.o [1]
Port_Port_Ci_au16GpioDirChangeability
                        0x2000'0000   0x14  Data  Lc  Port_Port_Ci.o [1]
Port_UnUsedPin               0x13b8    0x8  Data  Lc  Port_PBcfg.o [1]
Port_aPinConfigDefault        0xc30   0xd0  Data  Lc  Port_PBcfg.o [1]
Port_au16NoUnUsedPadsArrayDefault
                              0xa3c  0x120  Data  Lc  Port_PBcfg.o [1]
Port_pConfig            0x1ffe'0408    0x4  Data  Gb  Port.o [1]
RCM_ResetConfigPB0           0x13b0    0x8  Data  Lc  Mcu_PBcfg.o [1]
RW$$Base                0x1ffe'0400          --   Gb  - Linker created -
RW$$Limit               0x1ffe'040c          --   Gb  - Linker created -
Region$$Table$$Base          0x121c          --   Gb  - Linker created -
Region$$Table$$Limit         0x1240          --   Gb  - Linker created -
SCG_ClockConfigPB0_0         0x1244   0x20  Data  Lc  Mcu_PBcfg.o [1]
SIM_ClockConfigPB0_0         0x137c    0xc  Data  Lc  Mcu_PBcfg.o [1]
SIM_ConfigPB0                0x12ac   0x1c  Data  Lc  Mcu_PBcfg.o [1]
SIRC_ClockConfigPB0_0        0x12e0   0x18  Data  Lc  Mcu_PBcfg.o [1]
SMC_ConfigPB0                0x13c4    0x4  Data  Lc  Mcu_PBcfg.o [1]
SOSC_ClockConfigPB0_0        0x12c8   0x18  Data  Lc  Mcu_PBcfg.o [1]
SPLL_ClockConfigPB0_0        0x1310   0x18  Data  Lc  Mcu_PBcfg.o [1]
SystemInit                   0x10e5   0x2e  Code  Gb  system_S32K148.o [1]
ZI$$Base                0x2000'0000          --   Gb  - Linker created -
ZI$$Limit               0x2000'001e          --   Gb  - Linker created -
__CODE_RAM$$Base        0x1ffe'040c          --   Gb  - Linker created -
__CODE_RAM$$Limit       0x1ffe'040c          --   Gb  - Linker created -
__CODE_ROM$$Base             0x13dc          --   Gb  - Linker created -
__CODE_ROM$$Limit            0x13dc          --   Gb  - Linker created -
__RAM_END {Abs}         0x2001'efff         Data  Gb  <internal module>
__RAM_START {Abs}       0x1ffe'0000         Data  Gb  <internal module>
__RAM_VECTOR_TABLE_SIZE {Abs}
                              0x400         Data  Gb  <internal module>
__VECTOR_RAM {Abs}      0x1ffe'0000         Data  Gb  <internal module>
__VECTOR_TABLE {Abs}            0x0         Data  Gb  <internal module>
__Vectors                       0x0          --   Gb  startup_S32K148.o [1]
__Vectors_End                 0x400         Data  Gb  startup_S32K148.o [1]
__Vectors_Size {Abs}          0x400          --   Gb  startup_S32K148.o [1]
__cmain                      0x1265         Code  Gb  cmain.o [4]
__exit                       0x1299   0x14  Code  Gb  exit.o [5]
__iar_copy_init3             0x11a3   0x2e  Code  Gb  copy_init3.o [4]
__iar_data_init3             0x11d1   0x28  Code  Gb  data_init.o [4]
__iar_init_vfp               0x11f9         Code  Gb  fpinit_M.o [3]
__iar_program_start          0x1389         Code  Gb  cstartup_M.o [4]
__iar_zero_init3             0x1169   0x3a  Code  Gb  zero_init3.o [4]
__low_level_init             0x1283    0x4  Code  Gb  low_level_init.o [2]
__vector_table                  0x0         Data  Gb  startup_S32K148.o [1]
__vector_table_0x1c            0x1c         Data  Gb  startup_S32K148.o [1]
_call_main                   0x1271         Code  Gb  cmain.o [4]
_exit                        0x128d         Code  Gb  cexit.o [4]
_main                        0x127f         Code  Gb  cmain.o [4]
exit                         0x1287    0x4  Code  Gb  exit.o [2]
iDioWriteChannelFlg_Dbg
                        0x2000'001d    0x1  Data  Lc  main.o [1]
init_data_bss                 0xb5d   0xd4  Code  Gb  startup.o [1]
main                          0xfe9   0x58  Code  Gb  main.o [1]
s_vectors                    0x13c8    0x4  Data  Lc  startup.o [1]


[1] = F:\PROJ_TEST\AutoSARWorkSpace\AUTOSAR_S32K1X\S32K1X_Project\Debug\Obj
[2] = dl7M_tln.a
[3] = m7M_tls.a
[4] = rt7M_tl.a
[5] = shb_l.a

  3'912 bytes of readonly  code memory
  1'172 bytes of readonly  data memory
  1'064 bytes of readwrite data memory

Errors: none
Warnings: none
